// Vitest Snapshot v1, https://vitest.dev/guide/snapshot.html

exports[`App > should render 1`] = `
<DocumentFragment>
  <div
    class="css-1npohkm-Wrapper euq26r80"
  >
    Wrapper
  </div>
</DocumentFragment>
`;
